Gg, Gg, Gg, Gg, Gs^Fds, Gs^Fds, Gs^Fds, Gs^Fds, Gs^Fds, Gg, Gg, Gg, Gg, Gg, Gg, Gg, Gg, Hhd, Hhd, Md, Md, Md
Gg, Gg, Gg^Efm, Gg, Gg, Gs^Fds, Gs^Fds, Gs^Fds, Gs^Fds, Gg, Gg, Gg, Gs, Gg, Gs, Gg, Gg, Gg, Gg, Md, Md, Md
Gg, Gg, Wwt, Gg^Efm, Gg^Wm, Gg^Gvs, Gg^Gvs, Gs^Fds, Gs^Fds, Gs^Fds, Gg, Gg, Gs, Gs, Gg, Gg, Ss^Em, Ss^Em, Ss^Em, Gg, Hhd, Md
Gg, Ww^Ewf, Ww^Ewf, Wwt, Gg, Gg^Gvs, Gg^Ve, Gg^Gvs, Gg, Gs^Fds, Gg, Gg, Gs, Gs, Gg^Vhhr, Gg, Gg, Ss, Ss, Gg, Hhd^Fdw, Md
Gg, Gg, Gg, Gg, Cv, Gg, Gg^Efm, Gg, Gs^Fds, Gs^Fds, Gg, Gs^Fds, Gg, Gg, Gg^Edb, Gg, Gg, Gg, Gg, Gg, Hhd^Fdw, Hhd
Gg, Gg^Efm, Gg, Cv, Cv, Gg^Efm, Gg^Efm, Gg^Efm, Gg, Gg, Gg, Gg, Gg, Gg^Edb, Gs^Edb, Gg^Edb, Chr, Chr, Chr, Gg, Gs^Edb, Hhd
Gg^Efm, Gg^Efm, Gg^Efm, 1 Kv, Cv, Gg, Gg, Gg, Gg, Gg, Gg, Gg, Gs^Edb, Gg^Edb, Gs^Edb, Gs^Edb, Chr, 2 Khr, Chr, Gs^Edb, Gs^Edb, Gs
Gg, Gg^Efm, Gg, Cv, Cv, Gg, Gg, Gg^Fet, Gg^Ve, Gg, Gg, Gg, Gs^Edb, Gs^Edb, Gs^Vud, Gg^Edb, Gs, Chr, Gg, Gs^Edb, Gs^Edb, Gs
Hh, Gg, Gg, Gg, Gg, Gg, Gg^Fp, Gg^Efm, Gg, Gg, Gg, Gg, Gg, Gs^Edb, Gs^Edb, Gs, Gs^Fdw, Gs^Fdw, Gs^Fdw, Gs, Gg^Vhcr, Gs
Mm, Hh, Mm, Hh, Hh^Fp, Gg^Fp, Hh, Gg, Gg^Fp, Gg, Gg, Gs, Gg, Gs, Gs^Fdw, Gs^Fdw, Gs^Fdw, Gs^Fdw, Gs, Gs, Gg, Gg
Mm, Mm, Mm, Mm, Hh^Fp, Hh^Vhh, Hh^Fp, Hh^Fp, Gg, Gg, Gg, Gg, Gg, Gg^Fdw, Gg^Fdw, Gs^Fdw, Gs^Fdw, Gs^Fdw, Gg, Gs^Fdw, Gs, Gg
Mm, Mm, Mm, Mm, Mm, Hh^Fp, Hh, Hh, Gg, Gg, Gg, Gg, Gg, Gg, Gg^Fdw, Gg^Fdw, Gs, Gg, Gg, Gg, Gg, Gg
