Xos, Xos, Xu, Xom, Xom, Xoc, Xoc, Xu, Xu, Xu, Xu, Xu, Xu, Xu, Xu, Xu, Xu, Xu, Xu, Xu, Xu, Xu, Xu, Xue, Xu, Xue
Xu, Xu, Uu, Uu, Uu, Xoc, Xoc, Xos, Xoc, Xu, Uu^Vud, Uu^Uf, Uu^Uf, Uu, Uu, Uu, Uh, Xu, Uh, Xu, Xu, Xu, Uh, Uu, Xu, Xue
Xu, Xu, Uu, Uu, Cud, Xoc^Efs, Cud, Xoc, Xoc, Xoc, Xu, Uu, Xu, Xu, Uu, Uh, Uu, Uh, Uh, Uh, Uh^Vu, Uh, Uh, Uh, Xue, Xue
Xu, Xu, Uu, Uu^Vud, 1 Kud, Cud, Uu, Xoc, Xoc, Xoc, Xom, Xom, Uu^Vht, Uu, Uu, Uh, Xu, Uu, Xu, Uu, Uu, Uh, Xue, Uu, Uu, Xue
Xu, Xu, Uu, Uu, Cud, Ur, Cud, Ur, Uu, Xoc, Xos, Uh, Ur, Ur, Uu, Ur, Xu, Xu, Xu, Uu, Uu, Xue, Cte, Xue, Xue, Xue
Xu, Xu, Ur, Ur, Cud, Uu, Uu, Ur, Xos^Efs, Xos, Uu, Ur^Efs, Uu, Qxu, Qxu, Xu, Qxu, Xu, Uu, Uu, Uu, Uu, Cte, Cte, Uu, Xue
Ur, Ur, Xu, Uu, Ur, Ur, Ur, Ur, Ur, Uu^Vud, Ur, Ur, Uu^Uf, Qxu, Qxu, Qxu, Xu, Xu, Uu^Uf, Uu^Uf, Uu, Cte, 2 Kte, Cte, Uu, Xue
Xu, Xu, Xu, Uu, Uu^Efs, Ur, Xu, Uu, Uu, Uu, Ur, Uu, Uu^Uf, Uu, Qxu^Bp\, Xu, Xu, Uu, Ur, Uu^Vu, Uu, Cte, Cte, Cte, Cte, Xue
Xu, Xu, Uu, Uu, Uu^Vud, Uu, Xu, Xu, Uu^Uf, Uu^Vud, Uu^Efs, Ur, Ur, Uu^Uf, Qxu, Ur, Ur, Ur, Uu^Uf, Ur, Ur, Ur, Uu, Uu^Vu, Uu, Xue
Xu, Xu, Xu, Uu, Xu, Uu, Xu, Xu, Xu, Xu, Xu, Ur, Uu^Uf, Ur, Ur, Qxu^Bs/, Qxu, Uu, Uu, Uu, Uu, Ur^Vht, Uu, Uu, Xue, Xue
Xu, Xu, Xu, Xu, Xu, Xu, Xu, Xu, Xu, Xu, Xu, Uu, Xu, Uu, Uu, Uu, Qxu, Uu, Uu, Uu, Xu, Uu, Xue, Uu, Xue, Xue
Xu, Xu, Xu, Xu, Xu, Xu, Xu, Xu, Xu, Xu, Xu, Xu, Xu, Xu, Xu, Xu, Xu, Xu, Xu, Xu, Xu, Xu, Xu, Xue, Xue, Xue
